[devildrey33.es/Lab/Ejemplos/BannerTest/HexTunnel.html]
[backblue.gif]
[fade.gif]
[index.html]
[devildrey33.es/Web/Graficos/250x200_HexTunnel.png]
[ajax.googleapis.com/ajax/libs/jquery/3.1.1/jquery.min.js]
[ajax.googleapis.com/ajax/libs/jqueryui/1.12.1/jquery-ui.min.js]
[devildrey33.es/Web/JS/3rdParty/codemirror.min.js]
[devildrey33.es/Web/JS/3rdParty/three-r130.min.js]
[devildrey33.es/Web/Cache/EntradasBlog.js]
[devildrey33.es/Web/Cache/devildrey33.min.js]
[devildrey33.es/Lab/Ejemplos/BannerTest/AdiestramientoCubos.html]
[devildrey33.es/Lab/Ejemplos/BannerTest/WormHole.html]
[devildrey33.es/Lab/Ejemplos/BannerTest/Sinusoidal.html]
[devildrey33.es/Lab/Ejemplos/BannerTest/EspectroAudible.html]
[devildrey33.es/Lab/Ejemplos/BannerTest/Anillos.html]
[devildrey33.es/Lab/Ejemplos/BannerTest/CyberParasit.html]
[devildrey33.es/Lab/Ejemplos/BannerTest/EsferaVShader.html]
[devildrey33.es/Lab/Ejemplos/BannerTest/EspectroAudible02.html]
[devildrey33.es/Lab/Ejemplos/BannerTest/EspectroAudible08.html]
[devildrey33.es/Lab/Ejemplos/BannerTest/EspiralRGB.html]
[devildrey33.es/Lab/Ejemplos/BannerTest/GeometriaBasica.html]
[devildrey33.es/Lab/Ejemplos/BannerTest/MultiCubo.html]
[devildrey33.es/Lab/Ejemplos/BannerTest/NuevoCanvas2D.html]
[devildrey33.es/Lab/Ejemplos/BannerTest/NuevoCanvasTHREE.html]
[devildrey33.es/Lab/Ejemplos/BannerTest/ReunionDeCirculos.html]
[devildrey33.es/Lab/Ejemplos/BannerTest/TestObjetoAnimacion.html]
[devildrey33.es/Lab/Ejemplos/ChromaticMotionBlur/script.html]
[devildrey33.es/Lab/Ejemplos/ChromaticMotionBlur/style.html]
[devildrey33.es/Lab/Ejemplos/CSS/Propiedades/border-image.html]
[devildrey33.es/Lab/Ejemplos/Domino/CSS/Domino.html]
[devildrey33.es/Lab/Ejemplos/Domino/JS/Domino.html]
[devildrey33.es/Lab/Ejemplos/Domino/JS/Domino_Ficha.html]
[devildrey33.es/Lab/Ejemplos/Domino/JS/Domino_Opciones.html]
[devildrey33.es/Lab/Ejemplos/Domino/JS/Domino_Partida.html]
[devildrey33.es/Lab/Ejemplos/Domino/JS/Domino_Texturas.html]
[devildrey33.es/Lab/Ejemplos/Domino/JS/Domino_UI.html]
[devildrey33.es/Lab/Ejemplos/Solitario/Solitario.html]
[devildrey33.es/Lab/Ejemplos/Solitario/Solitario-2.html]
[devildrey33.es/Lab/Ejemplos/SpaceInvaders404/SpaceInvaders404.html]
[devildrey33.es/Lab/Ejemplos/SpaceInvaders404/SpaceInvaders404-2.html]
[devildrey33.es/Lab/Ejemplos/Tutorial_HTML5/Tutorial_HTML5_5_Ejemplo.html]
[devildrey33.es/Lab/Ejemplos/Tutorial_HTML5/Tutorial_HTML5_6_Ejemplo.html]
[devildrey33.es/Lab/Ejemplos/Tutorial_HTML5/Tutorial_HTML5_7_Ejemplo.html]
[devildrey33.es/Lab/Ejemplos/Tutorial_HTML5/Tutorial_HTML5_8_Ejemplo.html]
[devildrey33.es/Lab/Ejemplos/Tutorial_HTML5/Tutorial_HTML5_9_Ejemplo.html]
[devildrey33.es/Lab/Ejemplos/Utils/ObjetoAnimacion.html]
[devildrey33.es/Lab/Ejemplos/Utils/ObjetoCanvas.html]
[devildrey33.es/Lab/Ejemplos/Utils/ObjetoTest.html]
[devildrey33.es/Lab/Ejemplos/Utils/ObjetoTest-2.html]
[devildrey33.es/Lab/Ejemplos/BannerTest/Ejemplos/BannerTest/HexTunnel.html]
[devildrey33.es/Web/JS/3rdParty/three-0.84.min.js]
[devildrey33.es/Ejemplos/Utils/ObjetoCanvas.js]
[devildrey33.es/Lab/Ejemplos/BannerTest/HexTunnel.html]
[devildrey33.es/Web/Graficos/Chrome.png]
[devildrey33.es/Web/Graficos/Firefox.png]
[devildrey33.es/Web/Graficos/Opera.png]
[devildrey33.es/Web/Graficos/Safari.png]
[devildrey33.es/Web/Graficos/IE9.png]
[devildrey33.es/Web/Graficos/Lab_Icos.png]
[devildrey33.es/Web/Graficos/BotonesEditor2.png]
[devildrey33.es/Web/Cache/devildrey33.min.css]
[devildrey33.es/Web/Graficos/250x200_Adiestramiento.png]
[devildrey33.es/Lab/Ejemplos/BannerTest/AdiestramientoCubos.html]
[devildrey33.es/Lab/Ejemplos/BannerTest/Ejemplos/BannerTest/AdiestramientoCubos.html]
[devildrey33.es/Web/Graficos/250x200_WormHole.png]
[devildrey33.es/Lab/Ejemplos/BannerTest/Ejemplos/BannerTest/WormHole.html]
[devildrey33.es/Web/Graficos/Banner_WormHole11.jpg]
[devildrey33.es/Web/Graficos/Banner_WormHole1.2.jpg]
[devildrey33.es/Lab/Ejemplos/BannerTest/WormHole.html]
[devildrey33.es/Web/Graficos/250x200_Sinusoidal.png]
[devildrey33.es/Lab/Ejemplos/BannerTest/Sinusoidal.html]
[devildrey33.es/Lab/Ejemplos/BannerTest/Ejemplos/BannerTest/Sinusoidal.html]
[devildrey33.es/Web/Graficos/250x200_EspectroAudible.png]
[devildrey33.es/Lab/Ejemplos/BannerTest/Ejemplos/BannerTest/EspectroAudible.html]
[devildrey33.es/Ejemplos/Utils/ObjetoAnimacion.js]
[devildrey33.es/Lab/Ejemplos/BannerTest/EspectroAudible.html]
[devildrey33.es/Web/Graficos/250x200_Anillos.jpg]
[devildrey33.es/Lab/Ejemplos/BannerTest/Anillos.html]
[devildrey33.es/Lab/Ejemplos/BannerTest/Ejemplos/BannerTest/Anillos.html]
[devildrey33.es/Web/Graficos/logo400.png]
[devildrey33.es/Lab/Ejemplos/BannerTest/Ejemplos/BannerTest/CyberParasit.html]
[devildrey33.es/Web/JS/3rdParty/three-0.84.js]
[devildrey33.es/Web/JS/3rdParty/OrbitControls.js]
[devildrey33.es/Web/JS/3rdParty/modifier.js]
[devildrey33.es/Lab/Ejemplos/BannerTest/CyberParasit.html]
[devildrey33.es/Web/Graficos/250x200_EsferaVShader.png]
[devildrey33.es/Lab/Ejemplos/BannerTest/EsferaVShader.html]
[devildrey33.es/Lab/Ejemplos/BannerTest/Ejemplos/BannerTest/EsferaVShader.html]
[devildrey33.es/Lab/Ejemplos/BannerTest/Ejemplos/BannerTest/EspectroAudible02.html]
[devildrey33.es/Ejemplos/Utils/ObjetoTest.js]
[devildrey33.es/Web/JS/3rdParty/three-0.79.min.js]
[devildrey33.es/Lab/Ejemplos/BannerTest/FromTheOutsideLookingIn.html]
[devildrey33.es/Lab/Ejemplos/BannerTest/QuantumOcean.html]
[devildrey33.es/Lab/Ejemplos/BannerTest/BattleTrance.html]
[devildrey33.es/Lab/Ejemplos/BannerTest/GuitarSolo.html]
[devildrey33.es/Lab/Ejemplos/BannerTest/BatleHymn.html]
[devildrey33.es/Lab/Ejemplos/BannerTest/Painkiller.html]
[devildrey33.es/Lab/Ejemplos/BannerTest/WelcomeBack.html]
[devildrey33.es/Lab/Ejemplos/BannerTest/SweepTone_16-256hz.html]
[devildrey33.es/Lab/Ejemplos/BannerTest/SweepTone_256-2000hz.html]
[devildrey33.es/Lab/Ejemplos/BannerTest/SweepTone_20-20000hz.html]
[devildrey33.es/Lab/Ejemplos/BannerTest/EspectroAudible02.html]
[devildrey33.es/Lab/Ejemplos/BannerTest/SweepTone_2000-16000hz.html]
[devildrey33.es/Lab/Ejemplos/BannerTest/EspectroAudible08.html]
[devildrey33.es/Lab/Ejemplos/BannerTest/Ejemplos/BannerTest/EspectroAudible08.html]
[devildrey33.es/Web/Graficos/250x200_EspiralRGB.png]
[devildrey33.es/Lab/Ejemplos/BannerTest/EspiralRGB.html]
[devildrey33.es/Lab/Ejemplos/BannerTest/Ejemplos/BannerTest/EspiralRGB.html]
[devildrey33.es/Web/Graficos/250x200_GeometriaBasica.png]
[devildrey33.es/Lab/Ejemplos/BannerTest/GeometriaBasica.html]
[devildrey33.es/Lab/Ejemplos/BannerTest/Ejemplos/BannerTest/GeometriaBasica.html]
[devildrey33.es/Web/Graficos/250x200_MultiCubo.png]
[devildrey33.es/Lab/Ejemplos/BannerTest/MultiCubo.html]
[devildrey33.es/Lab/Ejemplos/BannerTest/Ejemplos/BannerTest/MultiCubo.html]
[devildrey33.es/Lab/Ejemplos/BannerTest/NuevoCanvas2D.html]
[devildrey33.es/Lab/Ejemplos/BannerTest/Ejemplos/BannerTest/NuevoCanvas2D.html]
[devildrey33.es/Lab/Ejemplos/BannerTest/NuevoCanvasTHREE.html]
[devildrey33.es/Lab/Ejemplos/BannerTest/Ejemplos/BannerTest/NuevoCanvasTHREE.html]
[devildrey33.es/Web/Graficos/250x200_ReunionDeCirculos.png]
[devildrey33.es/Lab/Ejemplos/BannerTest/ReunionDeCirculos.html]
[devildrey33.es/Lab/Ejemplos/BannerTest/Ejemplos/BannerTest/ReunionDeCirculos.html]
[devildrey33.es/Lab/Ejemplos/BannerTest/TestObjetoAnimacion.html]
[devildrey33.es/Lab/Ejemplos/BannerTest/Ejemplos/BannerTest/TestObjetoAnimacion.html]
[devildrey33.es/Lab/Ejemplos/ChromaticMotionBlur/index.html]
[devildrey33.es/Lab/Ejemplos/ChromaticMotionBlur/script.html]
[devildrey33.es/Lab/Ejemplos/ChromaticMotionBlur/Ejemplos/ChromaticMotionBlur/script.html]
[devildrey33.es/Lab/Ejemplos/ChromaticMotionBlur/style.html]
[devildrey33.es/Lab/Ejemplos/ChromaticMotionBlur/Ejemplos/ChromaticMotionBlur/style.html]
[devildrey33.es/Lab/Ejemplos/CSS/Propiedades/animation-delay.html]
[devildrey33.es/Lab/Ejemplos/CSS/Propiedades/animation-direction.html]
[devildrey33.es/Lab/Ejemplos/CSS/Propiedades/animation-duration.html]
[devildrey33.es/Lab/Ejemplos/CSS/Propiedades/animation-fill-mode.html]
[devildrey33.es/Lab/Ejemplos/CSS/Propiedades/animation-iteration-count.html]
[devildrey33.es/Lab/Ejemplos/CSS/Propiedades/animation-name.html]
[devildrey33.es/Lab/Ejemplos/CSS/Propiedades/animation-play-state.html]
[devildrey33.es/Lab/Ejemplos/CSS/Propiedades/animation-timing-function.html]
[devildrey33.es/Lab/Ejemplos/CSS/Propiedades/animation.html]
[devildrey33.es/Lab/Ejemplos/CSS/Propiedades/backface-visibility.html]
[devildrey33.es/Lab/Ejemplos/CSS/Propiedades/background-attachment.html]
[devildrey33.es/Lab/Ejemplos/CSS/Propiedades/background-clip.html]
[devildrey33.es/Lab/Ejemplos/CSS/Propiedades/background-color.html]
[devildrey33.es/Lab/Ejemplos/CSS/Propiedades/background-image.html]
[devildrey33.es/Lab/Ejemplos/CSS/Propiedades/background-origin.html]
[devildrey33.es/Lab/Ejemplos/CSS/Propiedades/background-position.html]
[devildrey33.es/Lab/Ejemplos/CSS/Propiedades/background-repeat.html]
[devildrey33.es/Lab/Ejemplos/CSS/Propiedades/background-size.html]
[devildrey33.es/Lab/Ejemplos/CSS/Propiedades/background.html]
[devildrey33.es/Lab/Ejemplos/CSS/Propiedades/border-bottom-color.html]
[devildrey33.es/Lab/Ejemplos/CSS/Propiedades/border-bottom-left-radius.html]
[devildrey33.es/Lab/Ejemplos/CSS/Propiedades/border-bottom-right-radius.html]
[devildrey33.es/Lab/Ejemplos/CSS/Propiedades/border-bottom-style.html]
[devildrey33.es/Lab/Ejemplos/CSS/Propiedades/border-bottom-width.html]
[devildrey33.es/Lab/Ejemplos/CSS/Propiedades/border-bottom.html]
[devildrey33.es/Lab/Ejemplos/CSS/Propiedades/border-collapse.html]
[devildrey33.es/Lab/Ejemplos/CSS/Propiedades/border-color.html]
[devildrey33.es/Lab/Ejemplos/CSS/Propiedades/border-image-outset.html]
[devildrey33.es/Lab/Ejemplos/CSS/Propiedades/border-image-repeat.html]
[devildrey33.es/Lab/Ejemplos/CSS/Propiedades/border-image-slice.html]
[devildrey33.es/Lab/Ejemplos/CSS/Propiedades/border-image-source.html]
[devildrey33.es/Lab/Ejemplos/CSS/Propiedades/border-image-width.html]
[devildrey33.es/Lab/Ejemplos/CSS/Propiedades/border-image-2.html]
[devildrey33.es/Lab/Ejemplos/CSS/Propiedades/border-left-color.html]
[devildrey33.es/Lab/Ejemplos/CSS/Propiedades/border-left-style.html]
[devildrey33.es/Lab/Ejemplos/CSS/Propiedades/border-left-width.html]
[devildrey33.es/Lab/Ejemplos/CSS/Propiedades/border-left.html]
[devildrey33.es/Lab/Ejemplos/CSS/Propiedades/border-radius.html]
[devildrey33.es/Lab/Ejemplos/CSS/Propiedades/border-right-color.html]
[devildrey33.es/Lab/Ejemplos/CSS/Propiedades/border-right-style.html]
[devildrey33.es/Lab/Ejemplos/CSS/Propiedades/border-right-width.html]
[devildrey33.es/Lab/Ejemplos/CSS/Propiedades/border-right.html]
[devildrey33.es/Lab/Ejemplos/CSS/Propiedades/border-spacing.html]
[devildrey33.es/Lab/Ejemplos/CSS/Propiedades/border-style.html]
[devildrey33.es/Lab/Ejemplos/CSS/Propiedades/border-top-color.html]
[devildrey33.es/Lab/Ejemplos/CSS/Propiedades/border-top-left-radius.html]
[devildrey33.es/Lab/Ejemplos/CSS/Propiedades/border-top-right-radius.html]
[devildrey33.es/Lab/Ejemplos/CSS/Propiedades/border-top-style.html]
[devildrey33.es/Lab/Ejemplos/CSS/Propiedades/border-top-width.html]
[devildrey33.es/Lab/Ejemplos/CSS/Propiedades/border-top.html]
[devildrey33.es/Lab/Ejemplos/CSS/Propiedades/border-width.html]
[devildrey33.es/Lab/Ejemplos/CSS/Propiedades/border.html]
[devildrey33.es/Lab/Ejemplos/CSS/Propiedades/bottom.html]
[devildrey33.es/Lab/Ejemplos/CSS/Propiedades/box-decoration-break.html]
[devildrey33.es/Lab/Ejemplos/CSS/Propiedades/box-shadow.html]
[devildrey33.es/Lab/Ejemplos/CSS/Propiedades/box-sizing.html]
[devildrey33.es/Lab/Ejemplos/CSS/Propiedades/caption-side.html]
[devildrey33.es/Lab/Ejemplos/CSS/Propiedades/clear.html]
[devildrey33.es/Lab/Ejemplos/CSS/Propiedades/clip-path.html]
[devildrey33.es/Lab/Ejemplos/CSS/Propiedades/clip.html]
[devildrey33.es/Lab/Ejemplos/CSS/Propiedades/color.html]
[devildrey33.es/Lab/Ejemplos/CSS/Propiedades/content.html]
[devildrey33.es/Lab/Ejemplos/CSS/Propiedades/direction.html]
[devildrey33.es/Lab/Ejemplos/CSS/Propiedades/display.html]
[devildrey33.es/Lab/Ejemplos/CSS/Propiedades/empty-cells.html]
[devildrey33.es/Lab/Ejemplos/CSS/Propiedades/filter.html]
[devildrey33.es/Lab/Ejemplos/CSS/Propiedades/flex-basis.html]
[devildrey33.es/Lab/Ejemplos/CSS/Propiedades/flex-direction.html]
[devildrey33.es/Lab/Ejemplos/CSS/Propiedades/flex-flow.html]
[devildrey33.es/Lab/Ejemplos/CSS/Propiedades/flex-grow.html]
[devildrey33.es/Lab/Ejemplos/CSS/Propiedades/flex-shrink.html]
[devildrey33.es/Lab/Ejemplos/CSS/Propiedades/flex-wrap.html]
[devildrey33.es/Lab/Ejemplos/CSS/Propiedades/flex.html]
[devildrey33.es/Lab/Ejemplos/CSS/Propiedades/float.html]
[devildrey33.es/Lab/Ejemplos/CSS/Propiedades/font-family.html]
[devildrey33.es/Lab/Ejemplos/CSS/Propiedades/font-size.html]
[devildrey33.es/Lab/Ejemplos/CSS/Propiedades/font-style.html]
[devildrey33.es/Lab/Ejemplos/CSS/Propiedades/font-variant.html]
[devildrey33.es/Lab/Ejemplos/CSS/Propiedades/font-weight.html]
[devildrey33.es/Lab/Ejemplos/CSS/Propiedades/font.html]
[devildrey33.es/Lab/Ejemplos/CSS/Propiedades/height.html]
[devildrey33.es/Lab/Ejemplos/CSS/Propiedades/keyframes.html]
[devildrey33.es/Lab/Ejemplos/CSS/Propiedades/letter-spacing.html]
[devildrey33.es/Lab/Ejemplos/CSS/Propiedades/line-height.html]
[devildrey33.es/Lab/Ejemplos/CSS/Propiedades/list-style-image.html]
[devildrey33.es/Lab/Ejemplos/CSS/Propiedades/list-style-position.html]
[devildrey33.es/Lab/Ejemplos/CSS/Propiedades/list-style-type.html]
[devildrey33.es/Lab/Ejemplos/CSS/Propiedades/list-style.html]
[devildrey33.es/Lab/Ejemplos/CSS/Propiedades/margin-bottom.html]
[devildrey33.es/Lab/Ejemplos/CSS/Propiedades/margin-left.html]
[devildrey33.es/Lab/Ejemplos/CSS/Propiedades/margin-right.html]
[devildrey33.es/Lab/Ejemplos/CSS/Propiedades/margin-top.html]
[devildrey33.es/Lab/Ejemplos/CSS/Propiedades/margin.html]
[devildrey33.es/Lab/Ejemplos/CSS/Propiedades/max-height.html]
[devildrey33.es/Lab/Ejemplos/CSS/Propiedades/max-width.html]
[devildrey33.es/Lab/Ejemplos/CSS/Propiedades/min-height.html]
[devildrey33.es/Lab/Ejemplos/CSS/Propiedades/min-width.html]
[devildrey33.es/Lab/Ejemplos/CSS/Propiedades/opacity.html]
[devildrey33.es/Lab/Ejemplos/CSS/Propiedades/order.html]
[devildrey33.es/Lab/Ejemplos/CSS/Propiedades/outline-color.html]
[devildrey33.es/Lab/Ejemplos/CSS/Propiedades/outline-offset.html]
[devildrey33.es/Lab/Ejemplos/CSS/Propiedades/outline-style.html]
[devildrey33.es/Lab/Ejemplos/CSS/Propiedades/outline-width.html]
[devildrey33.es/Lab/Ejemplos/CSS/Propiedades/outline.html]
[devildrey33.es/Lab/Ejemplos/CSS/Propiedades/overflow-x.html]
[devildrey33.es/Lab/Ejemplos/CSS/Propiedades/overflow-y.html]
[devildrey33.es/Lab/Ejemplos/CSS/Propiedades/overflow.html]
[devildrey33.es/Lab/Ejemplos/CSS/Propiedades/padding-bottom.html]
[devildrey33.es/Lab/Ejemplos/CSS/Propiedades/padding-left.html]
[devildrey33.es/Lab/Ejemplos/CSS/Propiedades/padding-right.html]
[devildrey33.es/Lab/Ejemplos/CSS/Propiedades/padding-top.html]
[devildrey33.es/Lab/Ejemplos/CSS/Propiedades/padding.html]
[devildrey33.es/Lab/Ejemplos/CSS/Propiedades/perspective-origin.html]
[devildrey33.es/Lab/Ejemplos/CSS/Propiedades/perspective.html]
[devildrey33.es/Lab/Ejemplos/CSS/Propiedades/position.html]
[devildrey33.es/Lab/Ejemplos/CSS/Propiedades/tab-size.html]
[devildrey33.es/Lab/Ejemplos/CSS/Propiedades/table-layout.html]
[devildrey33.es/Lab/Ejemplos/CSS/Propiedades/text-align-last.html]
[devildrey33.es/Lab/Ejemplos/CSS/Propiedades/text-align.html]
[devildrey33.es/Lab/Ejemplos/CSS/Propiedades/text-decoration-color.html]
[devildrey33.es/Lab/Ejemplos/CSS/Propiedades/text-decoration-line.html]
[devildrey33.es/Lab/Ejemplos/CSS/Propiedades/text-decoration-style.html]
[devildrey33.es/Lab/Ejemplos/CSS/Propiedades/text-decoration.html]
[devildrey33.es/Lab/Ejemplos/CSS/Propiedades/text-indent.html]
[devildrey33.es/Lab/Ejemplos/CSS/Propiedades/text-justify.html]
[devildrey33.es/Lab/Ejemplos/CSS/Propiedades/text-overflow.html]
[devildrey33.es/Lab/Ejemplos/CSS/Propiedades/text-shadow.html]
[devildrey33.es/Lab/Ejemplos/CSS/Propiedades/text-transform.html]
[devildrey33.es/Lab/Ejemplos/CSS/Propiedades/text-underline-position.html]
[devildrey33.es/Lab/Ejemplos/CSS/Propiedades/top.html]
[devildrey33.es/Lab/Ejemplos/CSS/Propiedades/transform-origin.html]
[devildrey33.es/Lab/Ejemplos/CSS/Propiedades/transform-style.html]
[devildrey33.es/Lab/Ejemplos/CSS/Propiedades/transform.html]
[devildrey33.es/Lab/Ejemplos/CSS/Propiedades/transform3d.html]
[devildrey33.es/Lab/Ejemplos/CSS/Propiedades/transition-delay.html]
[devildrey33.es/Lab/Ejemplos/CSS/Propiedades/transition-duration.html]
[devildrey33.es/Lab/Ejemplos/CSS/Propiedades/transition-property.html]
[devildrey33.es/Lab/Ejemplos/CSS/Propiedades/transition-timing-function.html]
[devildrey33.es/Lab/Ejemplos/CSS/Propiedades/transition.html]
[devildrey33.es/Lab/Ejemplos/CSS/Propiedades/unicode-bidi.html]
[devildrey33.es/Lab/Ejemplos/CSS/Propiedades/user-select.html]
[devildrey33.es/Lab/Ejemplos/CSS/Propiedades/vertical-align.html]
[devildrey33.es/Lab/Ejemplos/CSS/Propiedades/visibility.html]
[devildrey33.es/Lab/Ejemplos/CSS/Propiedades/white-space.html]
[devildrey33.es/Lab/Ejemplos/CSS/Propiedades/width.html]
[devildrey33.es/Lab/Ejemplos/CSS/Propiedades/word-break.html]
[devildrey33.es/Lab/Ejemplos/CSS/Propiedades/word-spacing.html]
[devildrey33.es/Lab/Ejemplos/CSS/Propiedades/word-wrap.html]
[devildrey33.es/Lab/Ejemplos/CSS/Propiedades/z-index.html]
[devildrey33.es/Lab/Ejemplos/CSS/Propiedades/Ejemplos/CSS/Propiedades/border-image.html]
[devildrey33.es/Lab/Ejemplos/CSS/Propiedades/border-image.html]
[devildrey33.es/Lab/Ejemplos/Domino/CSS/Domino.html]
[devildrey33.es/Lab/Ejemplos/Domino/CSS/Ejemplos/Domino/CSS/Domino.html]
[devildrey33.es/Lab/Ejemplos/Domino/JS/Domino.html]
[devildrey33.es/Lab/Ejemplos/Domino/JS/Ejemplos/Domino/JS/Domino.html]
[devildrey33.es/Lab/Ejemplos/Domino/JS/Domino_Ficha.html]
[devildrey33.es/Lab/Ejemplos/Domino/JS/Ejemplos/Domino/JS/Domino_Ficha.html]
[devildrey33.es/Lab/Ejemplos/Domino/JS/Domino_Opciones.html]
[devildrey33.es/Lab/Ejemplos/Domino/JS/Ejemplos/Domino/JS/Domino_Opciones.html]
[devildrey33.es/Lab/Ejemplos/Domino/JS/Domino_Partida.html]
[devildrey33.es/Lab/Ejemplos/Domino/JS/Ejemplos/Domino/JS/Domino_Partida.html]
[devildrey33.es/Lab/Ejemplos/Domino/JS/Domino_Texturas.html]
[devildrey33.es/Lab/Ejemplos/Domino/JS/Ejemplos/Domino/JS/Domino_Texturas.html]
[devildrey33.es/Lab/Ejemplos/Domino/JS/Ejemplos/Domino/JS/Domino_UI.html]
[devildrey33.es/Lab/Ejemplos/Domino/JS/Domino_UI.html]
[devildrey33.es/Lab/Ejemplos/Domino/JS/Ejemplos/Domino/SVG/Partida.html]
[devildrey33.es/Lab/Ejemplos/Solitario/Solitario-3.html]
[devildrey33.es/Lab/Ejemplos/Solitario/Solitario.html]
[devildrey33.es/Lab/Ejemplos/Solitario/Ejemplos/Solitario/Solitario.html]
[devildrey33.es/Lab/Ejemplos/Solitario/Solitario-2.html]
[devildrey33.es/Lab/Ejemplos/Solitario/Ejemplos/Solitario/Solitario-2.html]
[devildrey33.es/Lab/Ejemplos/SpaceInvaders404/SpaceInvaders404-3.html]
[devildrey33.es/Lab/Ejemplos/SpaceInvaders404/SpaceInvaders404.html]
[devildrey33.es/Lab/Ejemplos/SpaceInvaders404/Ejemplos/SpaceInvaders404/SpaceInvaders404.html]
[devildrey33.es/Lab/Ejemplos/SpaceInvaders404/SpaceInvaders404-2.html]
[devildrey33.es/Lab/Ejemplos/SpaceInvaders404/Ejemplos/SpaceInvaders404/SpaceInvaders404-2.html]
[devildrey33.es/Lab/Ejemplos/Tutorial_HTML5/Tutorial_HTML5_2_Ejemplo.html]
[devildrey33.es/Lab/Ejemplos/Tutorial_HTML5/Tutorial_HTML5_3_Ejemplo.html]
[devildrey33.es/Lab/Ejemplos/Tutorial_HTML5/Tutorial_HTML5_4_Ejemplo.html]
[devildrey33.es/Lab/Ejemplos/Tutorial_HTML5/Tutorial_HTML5_5_Ejemplo-2.html]
[devildrey33.es/Lab/Ejemplos/Tutorial_HTML5/Tutorial_HTML5_6_Ejemplo-2.html]
[devildrey33.es/Lab/Ejemplos/Tutorial_HTML5/Tutorial_HTML5_5_Ejemplo.html]
[devildrey33.es/Lab/Ejemplos/Tutorial_HTML5/Tutorial_HTML5_6_Ejemplo.html]
[devildrey33.es/Lab/Ejemplos/Tutorial_HTML5/Tutorial_HTML5_7_Ejemplo.html]
[devildrey33.es/Lab/Ejemplos/Tutorial_HTML5/Tutorial_HTML5_8_Ejemplo.html]
[devildrey33.es/Lab/Ejemplos/Tutorial_HTML5/Tutorial_HTML5_9_Ejemplo.html]
[devildrey33.es/Lab/Ejemplos/Utils/ObjetoAnimacion.html]
[devildrey33.es/Lab/Ejemplos/Utils/ObjetoCanvas.html]
[devildrey33.es/Lab/Ejemplos/Utils/ObjetoTest.html]
[devildrey33.es/Lab/Ejemplos/Utils/ObjetoTest-2.html]
[devildrey33.es/Lab/Ejemplos/BannerTest/Ejemplos/BannerTest/HexTunnel.html]
[devildrey33.es/Ejemplos/Utils/ObjetoCanvas.css]
[devildrey33.es/Lab/Ejemplos/BannerTest/Ejemplos/BannerTest/AdiestramientoCubos.html]
[devildrey33.es/Lab/Ejemplos/BannerTest/Ejemplos/BannerTest/WormHole.html]
[devildrey33.es/Lab/Ejemplos/BannerTest/Ejemplos/BannerTest/Sinusoidal.html]
[devildrey33.es/Lab/Ejemplos/BannerTest/Ejemplos/BannerTest/EspectroAudible.html]
[devildrey33.es/Lab/Ejemplos/BannerTest/Ejemplos/BannerTest/Anillos.html]
[devildrey33.es/Lab/Ejemplos/BannerTest/Ejemplos/BannerTest/CyberParasit.html]
[devildrey33.es/Lab/Ejemplos/BannerTest/Ejemplos/BannerTest/EsferaVShader.html]
[devildrey33.es/Lab/Ejemplos/BannerTest/Ejemplos/BannerTest/EspectroAudible02.html]
[devildrey33.es/Ejemplos/Utils/ObjetoTest.css]
[devildrey33.es/Lab/Ejemplos/BannerTest/FromTheOutsideLookingIn.html]
[devildrey33.es/Lab/Ejemplos/BannerTest/QuantumOcean.html]
[devildrey33.es/Lab/Ejemplos/BannerTest/BattleTrance.html]
[devildrey33.es/Lab/Ejemplos/BannerTest/GuitarSolo.html]
[devildrey33.es/Lab/Ejemplos/BannerTest/BatleHymn.html]
[devildrey33.es/Lab/Ejemplos/BannerTest/Painkiller.html]
[devildrey33.es/Lab/Ejemplos/BannerTest/WelcomeBack.html]
[devildrey33.es/Lab/Ejemplos/BannerTest/SweepTone_16-256hz.html]
[devildrey33.es/Lab/Ejemplos/BannerTest/SweepTone_256-2000hz.html]
[devildrey33.es/Lab/Ejemplos/BannerTest/SweepTone_20-20000hz.html]
[devildrey33.es/Lab/Ejemplos/BannerTest/SweepTone_2000-16000hz.html]
[devildrey33.es/Lab/Ejemplos/Tutorial_HTML5/Tutorial_HTML5_7_Ejemplo-2.html]
[devildrey33.es/Lab/Ejemplos/BannerTest/Ejemplos/BannerTest/EspectroAudible08.html]
[devildrey33.es/Lab/Ejemplos/BannerTest/Ejemplos/BannerTest/EspiralRGB.html]
[devildrey33.es/Lab/Ejemplos/BannerTest/Ejemplos/BannerTest/GeometriaBasica.html]
[devildrey33.es/Lab/Ejemplos/BannerTest/Ejemplos/BannerTest/MultiCubo.html]
[devildrey33.es/Lab/Ejemplos/BannerTest/Ejemplos/BannerTest/NuevoCanvas2D.html]
[devildrey33.es/Lab/Ejemplos/BannerTest/Ejemplos/BannerTest/NuevoCanvasTHREE.html]
[devildrey33.es/Lab/Ejemplos/BannerTest/Ejemplos/BannerTest/ReunionDeCirculos.html]
[devildrey33.es/Lab/Ejemplos/BannerTest/Ejemplos/BannerTest/TestObjetoAnimacion.html]
[devildrey33.es/Lab/Ejemplos/ChromaticMotionBlur/index.html]
[devildrey33.es/Lab/Ejemplos/ChromaticMotionBlur/Ejemplos/ChromaticMotionBlur/script.html]
[devildrey33.es/Lab/Ejemplos/ChromaticMotionBlur/Ejemplos/ChromaticMotionBlur/style.html]
[devildrey33.es/Lab/Ejemplos/CSS/Propiedades/animation-delay.html]
[devildrey33.es/Lab/Ejemplos/CSS/Propiedades/animation-direction.html]
[devildrey33.es/Lab/Ejemplos/CSS/Propiedades/animation-duration.html]
[devildrey33.es/Lab/Ejemplos/CSS/Propiedades/animation-fill-mode.html]
[devildrey33.es/Lab/Ejemplos/CSS/Propiedades/animation-iteration-count.html]
[devildrey33.es/Lab/Ejemplos/CSS/Propiedades/animation-name.html]
[devildrey33.es/Lab/Ejemplos/CSS/Propiedades/animation-play-state.html]
[devildrey33.es/Lab/Ejemplos/CSS/Propiedades/animation-timing-function.html]
[devildrey33.es/Lab/Ejemplos/CSS/Propiedades/animation.html]
[devildrey33.es/Lab/Ejemplos/CSS/Propiedades/backface-visibility.html]
[devildrey33.es/Lab/Ejemplos/CSS/Propiedades/background-attachment.html]
[devildrey33.es/Lab/Ejemplos/CSS/Propiedades/background-clip.html]
[devildrey33.es/Lab/Ejemplos/CSS/Propiedades/background-color.html]
[devildrey33.es/Lab/Ejemplos/CSS/Propiedades/background-image.html]
[devildrey33.es/Lab/Ejemplos/CSS/Propiedades/background-origin.html]
[devildrey33.es/Lab/Ejemplos/CSS/Propiedades/background-position.html]
[devildrey33.es/Lab/Ejemplos/CSS/Propiedades/background-repeat.html]
[devildrey33.es/Lab/Ejemplos/CSS/Propiedades/background-size.html]
[devildrey33.es/Lab/Ejemplos/CSS/Propiedades/background.html]
[devildrey33.es/Lab/Ejemplos/CSS/Propiedades/border-bottom-color.html]
[devildrey33.es/Lab/Ejemplos/CSS/Propiedades/border-bottom-left-radius.html]
[devildrey33.es/Lab/Ejemplos/CSS/Propiedades/border-bottom-right-radius.html]
[devildrey33.es/Lab/Ejemplos/CSS/Propiedades/border-bottom-style.html]
[devildrey33.es/Lab/Ejemplos/CSS/Propiedades/border-bottom-width.html]
[devildrey33.es/Lab/Ejemplos/CSS/Propiedades/border-bottom.html]
[devildrey33.es/Lab/Ejemplos/CSS/Propiedades/border-collapse.html]
[devildrey33.es/Lab/Ejemplos/CSS/Propiedades/border-color.html]
[devildrey33.es/Lab/Ejemplos/CSS/Propiedades/border-image-outset.html]
[devildrey33.es/Lab/Ejemplos/CSS/Propiedades/border-image-repeat.html]
[devildrey33.es/Lab/Ejemplos/CSS/Propiedades/border-image-slice.html]
[devildrey33.es/Lab/Ejemplos/CSS/Propiedades/border-image-source.html]
[devildrey33.es/Lab/Ejemplos/CSS/Propiedades/border-image-width.html]
[devildrey33.es/Lab/Ejemplos/CSS/Propiedades/border-image-2.html]
[devildrey33.es/Lab/Ejemplos/CSS/Propiedades/border-left-color.html]
[devildrey33.es/Lab/Ejemplos/CSS/Propiedades/border-left-style.html]
[devildrey33.es/Lab/Ejemplos/CSS/Propiedades/border-left-width.html]
[devildrey33.es/Lab/Ejemplos/CSS/Propiedades/border-left.html]
[devildrey33.es/Lab/Ejemplos/CSS/Propiedades/border-radius.html]
[devildrey33.es/Lab/Ejemplos/CSS/Propiedades/border-right-color.html]
[devildrey33.es/Lab/Ejemplos/CSS/Propiedades/border-right-style.html]
[devildrey33.es/Lab/Ejemplos/CSS/Propiedades/border-right-width.html]
[devildrey33.es/Lab/Ejemplos/CSS/Propiedades/border-right.html]
[devildrey33.es/Lab/Ejemplos/CSS/Propiedades/border-spacing.html]
[devildrey33.es/Lab/Ejemplos/CSS/Propiedades/border-style.html]
[devildrey33.es/Lab/Ejemplos/CSS/Propiedades/border-top-color.html]
[devildrey33.es/Lab/Ejemplos/CSS/Propiedades/border-top-left-radius.html]
[devildrey33.es/Lab/Ejemplos/CSS/Propiedades/border-top-right-radius.html]
[devildrey33.es/Lab/Ejemplos/CSS/Propiedades/border-top-style.html]
[devildrey33.es/Lab/Ejemplos/CSS/Propiedades/border-top-width.html]
[devildrey33.es/Lab/Ejemplos/CSS/Propiedades/border-top.html]
[devildrey33.es/Lab/Ejemplos/CSS/Propiedades/border-width.html]
[devildrey33.es/Lab/Ejemplos/CSS/Propiedades/border.html]
[devildrey33.es/Lab/Ejemplos/CSS/Propiedades/bottom.html]
[devildrey33.es/Lab/Ejemplos/CSS/Propiedades/box-decoration-break.html]
[devildrey33.es/Lab/Ejemplos/CSS/Propiedades/box-shadow.html]
[devildrey33.es/Lab/Ejemplos/CSS/Propiedades/box-sizing.html]
[devildrey33.es/Lab/Ejemplos/CSS/Propiedades/caption-side.html]
[devildrey33.es/Lab/Ejemplos/CSS/Propiedades/clear.html]
[devildrey33.es/Lab/Ejemplos/CSS/Propiedades/clip-path.html]
[devildrey33.es/Lab/Ejemplos/CSS/Propiedades/clip.html]
[devildrey33.es/Lab/Ejemplos/CSS/Propiedades/color.html]
[devildrey33.es/Lab/Ejemplos/CSS/Propiedades/content.html]
[devildrey33.es/Lab/Ejemplos/CSS/Propiedades/direction.html]
[devildrey33.es/Lab/Ejemplos/CSS/Propiedades/display.html]
[devildrey33.es/Lab/Ejemplos/CSS/Propiedades/empty-cells.html]
[devildrey33.es/Lab/Ejemplos/CSS/Propiedades/filter.html]
[devildrey33.es/Lab/Ejemplos/CSS/Propiedades/flex-basis.html]
[devildrey33.es/Lab/Ejemplos/CSS/Propiedades/flex-direction.html]
[devildrey33.es/Lab/Ejemplos/CSS/Propiedades/flex-flow.html]
[devildrey33.es/Lab/Ejemplos/CSS/Propiedades/flex-grow.html]
[devildrey33.es/Lab/Ejemplos/CSS/Propiedades/flex-shrink.html]
[devildrey33.es/Lab/Ejemplos/CSS/Propiedades/flex-wrap.html]
[devildrey33.es/Lab/Ejemplos/CSS/Propiedades/flex.html]
[devildrey33.es/Lab/Ejemplos/CSS/Propiedades/float.html]
[devildrey33.es/Lab/Ejemplos/CSS/Propiedades/font-family.html]
[devildrey33.es/Lab/Ejemplos/CSS/Propiedades/font-size.html]
[devildrey33.es/Lab/Ejemplos/CSS/Propiedades/font-style.html]
[devildrey33.es/Lab/Ejemplos/CSS/Propiedades/font-variant.html]
[devildrey33.es/Lab/Ejemplos/CSS/Propiedades/font-weight.html]
[devildrey33.es/Lab/Ejemplos/CSS/Propiedades/font.html]
[devildrey33.es/Lab/Ejemplos/CSS/Propiedades/height.html]
[devildrey33.es/Lab/Ejemplos/CSS/Propiedades/keyframes.html]
[devildrey33.es/Lab/Ejemplos/CSS/Propiedades/letter-spacing.html]
[devildrey33.es/Lab/Ejemplos/CSS/Propiedades/line-height.html]
[devildrey33.es/Lab/Ejemplos/CSS/Propiedades/list-style-image.html]
[devildrey33.es/Lab/Ejemplos/CSS/Propiedades/list-style-position.html]
[devildrey33.es/Lab/Ejemplos/CSS/Propiedades/list-style-type.html]
[devildrey33.es/Lab/Ejemplos/CSS/Propiedades/list-style.html]
[devildrey33.es/Lab/Ejemplos/CSS/Propiedades/margin-bottom.html]
[devildrey33.es/Lab/Ejemplos/CSS/Propiedades/margin-left.html]
[devildrey33.es/Lab/Ejemplos/CSS/Propiedades/margin-right.html]
[devildrey33.es/Lab/Ejemplos/CSS/Propiedades/margin-top.html]
[devildrey33.es/Lab/Ejemplos/CSS/Propiedades/margin.html]
[devildrey33.es/Lab/Ejemplos/CSS/Propiedades/max-height.html]
[devildrey33.es/Lab/Ejemplos/CSS/Propiedades/max-width.html]
[devildrey33.es/Lab/Ejemplos/CSS/Propiedades/min-height.html]
[devildrey33.es/Lab/Ejemplos/CSS/Propiedades/min-width.html]
[devildrey33.es/Lab/Ejemplos/CSS/Propiedades/opacity.html]
[devildrey33.es/Lab/Ejemplos/CSS/Propiedades/order.html]
[devildrey33.es/Lab/Ejemplos/CSS/Propiedades/outline-color.html]
[devildrey33.es/Lab/Ejemplos/CSS/Propiedades/outline-offset.html]
[devildrey33.es/Lab/Ejemplos/CSS/Propiedades/outline-style.html]
[devildrey33.es/Lab/Ejemplos/CSS/Propiedades/outline-width.html]
[devildrey33.es/Lab/Ejemplos/CSS/Propiedades/outline.html]
[devildrey33.es/Lab/Ejemplos/CSS/Propiedades/overflow-x.html]
[devildrey33.es/Lab/Ejemplos/CSS/Propiedades/overflow-y.html]
[devildrey33.es/Lab/Ejemplos/CSS/Propiedades/overflow.html]
[devildrey33.es/Lab/Ejemplos/CSS/Propiedades/padding-bottom.html]
[devildrey33.es/Lab/Ejemplos/CSS/Propiedades/padding-left.html]
[devildrey33.es/Lab/Ejemplos/CSS/Propiedades/padding-right.html]
[devildrey33.es/Lab/Ejemplos/CSS/Propiedades/padding-top.html]
[devildrey33.es/Lab/Ejemplos/CSS/Propiedades/padding.html]
[devildrey33.es/Lab/Ejemplos/CSS/Propiedades/perspective-origin.html]
[devildrey33.es/Lab/Ejemplos/CSS/Propiedades/perspective.html]
[devildrey33.es/Lab/Ejemplos/CSS/Propiedades/position.html]
[devildrey33.es/Lab/Ejemplos/CSS/Propiedades/tab-size.html]
[devildrey33.es/Lab/Ejemplos/CSS/Propiedades/table-layout.html]
[devildrey33.es/Lab/Ejemplos/CSS/Propiedades/text-align-last.html]
[devildrey33.es/Lab/Ejemplos/CSS/Propiedades/text-align.html]
[devildrey33.es/Lab/Ejemplos/CSS/Propiedades/text-decoration-color.html]
[devildrey33.es/Lab/Ejemplos/CSS/Propiedades/text-decoration-line.html]
[devildrey33.es/Lab/Ejemplos/CSS/Propiedades/text-decoration-style.html]
[devildrey33.es/Lab/Ejemplos/CSS/Propiedades/text-decoration.html]
[devildrey33.es/Lab/Ejemplos/CSS/Propiedades/text-indent.html]
[devildrey33.es/Lab/Ejemplos/CSS/Propiedades/text-justify.html]
[devildrey33.es/Lab/Ejemplos/CSS/Propiedades/text-overflow.html]
[devildrey33.es/Lab/Ejemplos/CSS/Propiedades/text-shadow.html]
[devildrey33.es/Lab/Ejemplos/CSS/Propiedades/text-transform.html]
[devildrey33.es/Lab/Ejemplos/CSS/Propiedades/text-underline-position.html]
[devildrey33.es/Lab/Ejemplos/CSS/Propiedades/top.html]
[devildrey33.es/Lab/Ejemplos/CSS/Propiedades/transform-origin.html]
[devildrey33.es/Lab/Ejemplos/CSS/Propiedades/transform-style.html]
[devildrey33.es/Lab/Ejemplos/CSS/Propiedades/transform.html]
[devildrey33.es/Lab/Ejemplos/CSS/Propiedades/transform3d.html]
[devildrey33.es/Lab/Ejemplos/CSS/Propiedades/transition-delay.html]
[devildrey33.es/Lab/Ejemplos/CSS/Propiedades/transition-duration.html]
[devildrey33.es/Lab/Ejemplos/CSS/Propiedades/transition-property.html]
[devildrey33.es/Lab/Ejemplos/CSS/Propiedades/transition-timing-function.html]
[devildrey33.es/Lab/Ejemplos/CSS/Propiedades/transition.html]
[devildrey33.es/Lab/Ejemplos/CSS/Propiedades/unicode-bidi.html]
[devildrey33.es/Lab/Ejemplos/CSS/Propiedades/user-select.html]
[devildrey33.es/Lab/Ejemplos/CSS/Propiedades/vertical-align.html]
[devildrey33.es/Lab/Ejemplos/CSS/Propiedades/visibility.html]
[devildrey33.es/Lab/Ejemplos/CSS/Propiedades/white-space.html]
[devildrey33.es/Lab/Ejemplos/CSS/Propiedades/width.html]
[devildrey33.es/Lab/Ejemplos/CSS/Propiedades/word-break.html]
[devildrey33.es/Lab/Ejemplos/CSS/Propiedades/word-spacing.html]
[devildrey33.es/Lab/Ejemplos/CSS/Propiedades/word-wrap.html]
[devildrey33.es/Lab/Ejemplos/CSS/Propiedades/z-index.html]
[devildrey33.es/Lab/Ejemplos/CSS/Propiedades/Ejemplos/CSS/Propiedades/border-image.html]
[devildrey33.es/Ejemplos/Error.css]
[devildrey33.es/Lab/Ejemplos/Domino/CSS/Ejemplos/Domino/CSS/Domino.html]
[devildrey33.es/Lab/Ejemplos/Domino/JS/Ejemplos/Domino/JS/Domino.html]
[devildrey33.es/Lab/Ejemplos/Domino/JS/Ejemplos/Domino/JS/Domino_Ficha.html]
[devildrey33.es/Lab/Ejemplos/Domino/JS/Ejemplos/Domino/JS/Domino_Opciones.html]
[devildrey33.es/Lab/Ejemplos/Domino/JS/Ejemplos/Domino/JS/Domino_Partida.html]
[devildrey33.es/Lab/Ejemplos/Domino/JS/Ejemplos/Domino/JS/Domino_Texturas.html]
[devildrey33.es/Lab/Ejemplos/Domino/JS/Ejemplos/Domino/JS/Domino_UI.html]
[devildrey33.es/Lab/Ejemplos/Domino/JS/Ejemplos/Domino/SVG/Partida.html]
[devildrey33.es/Lab/Ejemplos/Solitario/Solitario-3.html]
[devildrey33.es/Lab/Ejemplos/Solitario/Ejemplos/Solitario/Solitario.html]
[devildrey33.es/Lab/Ejemplos/Solitario/Ejemplos/Solitario/Solitario-2.html]
[devildrey33.es/Lab/Ejemplos/SpaceInvaders404/SpaceInvaders404-3.html]
[devildrey33.es/Lab/Ejemplos/SpaceInvaders404/Ejemplos/SpaceInvaders404/SpaceInvaders404.html]
[devildrey33.es/Lab/Ejemplos/SpaceInvaders404/Ejemplos/SpaceInvaders404/SpaceInvaders404-2.html]
[devildrey33.es/Lab/Ejemplos/Tutorial_HTML5/Tutorial_HTML5_2_Ejemplo.html]
[devildrey33.es/Lab/Ejemplos/Tutorial_HTML5/Tutorial_HTML5_3_Ejemplo.html]
[devildrey33.es/Lab/Ejemplos/Tutorial_HTML5/Tutorial_HTML5_4_Ejemplo.html]
[devildrey33.es/Lab/Ejemplos/Tutorial_HTML5/Tutorial_HTML5_5_Ejemplo-2.html]
[devildrey33.es/Lab/Ejemplos/Tutorial_HTML5/Tutorial_HTML5_6_Ejemplo-2.html]
[devildrey33.es/Lab/Ejemplos/Tutorial_HTML5/Tutorial_HTML5_7_Ejemplo-2.html]
